ClassDecl (name: Main, superClass: Object)
| MethodDecl (argumentNames: [a, b], argumentTypes: [int, boolean], name: main, returnType: void)
| | Seq ()
| | | VarDecl (name: v1, type: int)
| | Seq ()
| | | Assign ()
| | | | Var (name: v1)
| | | | IntConst (value: 5)
| | | BuiltInWrite ()
| | | | IntConst (value: 53110)
| | | BuiltInWriteln ()
