ClassDecl (name: Main, superClass: Object)
| MethodDecl (argumentNames: [], argumentTypes: [], name: main, returnType: void)
| | Seq ()
| | | VarDecl (name: i0, type: int)
| | | VarDecl (name: i1, type: int)
| | | VarDecl (name: i2, type: int)
| | Seq ()
| | | Assign ()
| | | | Var (name: i1)
| | | | IntConst (value: 1)
| | | Assign ()
| | | | Var (name: i2)
| | | | IntConst (value: 2)
| | | BuiltInWrite ()
| | | | Var (name: i1)
| | | BuiltInWriteln ()
| | | BuiltInWrite ()
| | | | Var (name: i2)
| | | BuiltInWriteln ()
| | | Assign ()
| | | | Var (name: i0)
| | | | Var (name: i1)
| | | Assign ()
| | | | Var (name: i1)
| | | | Var (name: i2)
| | | Assign ()
| | | | Var (name: i2)
| | | | Var (name: i0)
| | | BuiltInWrite ()
| | | | Var (name: i1)
| | | BuiltInWriteln ()
| | | BuiltInWrite ()
| | | | Var (name: i2)
| | | BuiltInWriteln ()
