ClassDecl (name: Main, superClass: Object)
| MethodDecl (argumentNames: [], argumentTypes: [], name: main, returnType: void)
| | Seq ()
| | | VarDecl (name: j, type: int)
| | Seq ()
| | | IfElse ()
| | | | BooleanConst (value: true)
| | | | Seq ()
| | | | | Assign ()
| | | | | | Var (name: i)
| | | | | | IntConst (value: 0)
| | | | Seq ()
| | | | | Assign ()
| | | | | | Var (name: i)
| | | | | | IntConst (value: 1)
